jayepolo@jayepolo-EQ:~/jitsi$ docker compose restart jvb
WARN[0000] /home/jayepolo/jitsi/docker-compose.yml: the attribute `version` is obsolete, it will be ignored, please remove it to avoid potential confusion
[+] Restarting 1/1
Container jitsi-jvb Started 4.3s

jayepolo@jayepolo-EQ:~/jitsi$ docker logs jitsi-jvb --tail 100
JVB 2025-12-22 10:31:55.913 INFO: [727] [confId=24a52db1e2df1838 conf_name=codenames-d8ggb3@muc.meet.jitsi meeting_id=cb4e08fa epId=40eb09b7 stats_id=Sophie-5qr local_ufrag=70bpc1jd3b0g1r ufrag=70bpc1jd3b0g1r] Agent.setState#936: ICE state changed from Waiting to Running.
JVB 2025-12-22 10:31:55.913 INFO: [727] [confId=24a52db1e2df1838 conf_name=codenames-d8ggb3@muc.meet.jitsi meeting_id=cb4e08fa epId=40eb09b7 stats_id=Sophie-5qr local_ufrag=70bpc1jd3b0g1r] IceTransport.iceStateChanged#345: ICE state changed old=Waiting new=Running
JVB 2025-12-22 10:31:55.913 INFO: [727] [confId=24a52db1e2df1838 conf_name=codenames-d8ggb3@muc.meet.jitsi meeting_id=cb4e08fa epId=40eb09b7 stats_id=Sophie-5qr local_ufrag=70bpc1jd3b0g1r ufrag=70bpc1jd3b0g1r] Agent.startConnectivityEstablishment#748: Trigger checks for pairs that were received before running state
JVB 2025-12-22 10:31:55.913 INFO: [727] [confId=24a52db1e2df1838 conf_name=codenames-d8ggb3@muc.meet.jitsi meeting_id=cb4e08fa epId=40eb09b7 stats_id=Sophie-5qr local_ufrag=70bpc1jd3b0g1r ufrag=70bpc1jd3b0g1r] Agent.triggerCheck#1727: Add peer CandidatePair with new reflexive address to checkList: CandidatePair (State=Frozen Priority=7961802290715688959):
    LocalCandidate=candidate:1 1 udp 2130706431 172.26.0.4 10000 typ host
    RemoteCandidate=candidate:10000 1 udp 1853751551 173.69.57.223 60581 typ prflx
JVB 2025-12-22 10:31:55.914 INFO: [727] [confId=24a52db1e2df1838 conf_name=codenames-d8ggb3@muc.meet.jitsi meeting_id=cb4e08fa epId=40eb09b7 stats_id=Sophie-5qr local_ufrag=70bpc1jd3b0g1r ufrag=70bpc1jd3b0g1r] ConnectivityCheckClient.startChecks#147: Start connectivity checks.
JVB 2025-12-22 10:31:55.917 INFO: [727] [confId=24a52db1e2df1838 conf_name=codenames-d8ggb3@muc.meet.jitsi meeting_id=cb4e08fa] Conference.lambda$new$0#249: SENT colibri2 response: <iq xmlns='jabber:client' to='jvbbrewery@internal-muc.meet.jitsi/focus' from='jvb@auth.meet.jitsi/LuzDLc06e-CY' id='anZiQGF1dGgubWVldC5qaXRzaS9MdXpETGMwNmUtQ1kAUkJIOVctNjI0ABBfqMNyI6/o' type='result'><conference-modified xmlns='jitsi:colibri2'><endpoint xmlns='jitsi:colibri2' id='40eb09b7'/></conference-modified></iq>
JVB 2025-12-22 10:31:55.997 INFO: [761] [confId=24a52db1e2df1838 conf_name=codenames-d8ggb3@muc.meet.jitsi meeting_id=cb4e08fa epId=40eb09b7 stats_id=Sophie-5qr local_ufrag=70bpc1jd3b0g1r ufrag=70bpc1jd3b0g1r] ConnectivityCheckClient.processSuccessResponse#649: Pair succeeded: 172.26.0.4:10000/udp/host -> 173.69.57.223:60581/udp/prflx (stream-40eb09b7.RTP).
JVB 2025-12-22 10:31:55.997 INFO: [761] [confId=24a52db1e2df1838 conf_name=codenames-d8ggb3@muc.meet.jitsi meeting_id=cb4e08fa epId=40eb09b7 stats_id=Sophie-5qr local_ufrag=70bpc1jd3b0g1r ufrag=70bpc1jd3b0g1r name=stream-40eb09b7 componentId=1] ComponentSocket.addAuthorizedAddress#99: Adding allowed address: 173.69.57.223:60581/udp
JVB 2025-12-22 10:31:55.997 INFO: [761] [confId=24a52db1e2df1838 conf_name=codenames-d8ggb3@muc.meet.jitsi meeting_id=cb4e08fa epId=40eb09b7 stats_id=Sophie-5qr local_ufrag=70bpc1jd3b0g1r ufrag=70bpc1jd3b0g1r] ConnectivityCheckClient.processSuccessResponse#658: Pair validated: 173.69.57.223:10000/udp/srflx -> 173.69.57.223:60581/udp/prflx (stream-40eb09b7.RTP).
JVB 2025-12-22 10:31:55.997 INFO: [761] [confId=24a52db1e2df1838 conf_name=codenames-d8ggb3@muc.meet.jitsi meeting_id=cb4e08fa epId=40eb09b7 stats_id=Sophie-5qr local_ufrag=70bpc1jd3b0g1r ufrag=70bpc1jd3b0g1r] DefaultNominator.strategyNominateFirstHostOrReflexiveValid#268: Nominate (first highest valid): 173.69.57.223:10000/udp/srflx -> 173.69.57.223:60581/udp/prflx (stream-40eb09b7.RTP)
JVB 2025-12-22 10:31:55.997 INFO: [759] [confId=24a52db1e2df1838 conf_name=codenames-d8ggb3@muc.meet.jitsi meeting_id=cb4e08fa epId=40eb09b7 stats_id=Sophie-5qr local_ufrag=70bpc1jd3b0g1r ufrag=70bpc1jd3b0g1r] ConnectivityCheckClient.processSuccessResponse#649: Pair succeeded: 172.26.0.4:10000/udp/host -> 173.69.57.223:60581/udp/prflx (stream-40eb09b7.RTP).
JVB 2025-12-22 10:31:55.997 INFO: [761] [confId=24a52db1e2df1838 conf_name=codenames-d8ggb3@muc.meet.jitsi meeting_id=cb4e08fa epId=40eb09b7 stats_id=Sophie-5qr local_ufrag=70bpc1jd3b0g1r ufrag=70bpc1jd3b0g1r] Agent.nominate#1800: verify if nominated pair answer again
JVB 2025-12-22 10:31:55.997 INFO: [761] [confId=24a52db1e2df1838 conf_name=codenames-d8ggb3@muc.meet.jitsi meeting_id=cb4e08fa epId=40eb09b7 stats_id=Sophie-5qr local_ufrag=70bpc1jd3b0g1r ufrag=70bpc1jd3b0g1r] ConnectivityCheckClient.processSuccessResponse#727: IsControlling: true USE-CANDIDATE:false.
JVB 2025-12-22 10:31:55.997 INFO: [759] [confId=24a52db1e2df1838 conf_name=codenames-d8ggb3@muc.meet.jitsi meeting_id=cb4e08fa epId=40eb09b7 stats_id=Sophie-5qr local_ufrag=70bpc1jd3b0g1r ufrag=70bpc1jd3b0g1r] ConnectivityCheckClient.processSuccessResponse#658: Pair validated: 173.69.57.223:10000/udp/srflx -> 173.69.57.223:60581/udp/prflx (stream-40eb09b7.RTP).
JVB 2025-12-22 10:31:55.998 INFO: [759] [confId=24a52db1e2df1838 conf_name=codenames-d8ggb3@muc.meet.jitsi meeting_id=cb4e08fa epId=40eb09b7 stats_id=Sophie-5qr local_ufrag=70bpc1jd3b0g1r ufrag=70bpc1jd3b0g1r] ConnectivityCheckClient.processSuccessResponse#727: IsControlling: true USE-CANDIDATE:false.
JVB 2025-12-22 10:31:56.005 INFO: [759] [confId=24a52db1e2df1838 conf_name=codenames-d8ggb3@muc.meet.jitsi meeting_id=cb4e08fa epId=40eb09b7 stats_id=Sophie-5qr local_ufrag=70bpc1jd3b0g1r ufrag=70bpc1jd3b0g1r] ConnectivityCheckClient.processSuccessResponse#649: Pair succeeded: 172.26.0.4:10000/udp/host -> 173.69.57.223:60581/udp/prflx (stream-40eb09b7.RTP).
JVB 2025-12-22 10:31:56.005 INFO: [759] [confId=24a52db1e2df1838 conf_name=codenames-d8ggb3@muc.meet.jitsi meeting_id=cb4e08fa epId=40eb09b7 stats_id=Sophie-5qr local_ufrag=70bpc1jd3b0g1r ufrag=70bpc1jd3b0g1r] ConnectivityCheckClient.processSuccessResponse#658: Pair validated: 173.69.57.223:10000/udp/srflx -> 173.69.57.223:60581/udp/prflx (stream-40eb09b7.RTP).
JVB 2025-12-22 10:31:56.005 INFO: [759] [confId=24a52db1e2df1838 conf_name=codenames-d8ggb3@muc.meet.jitsi meeting_id=cb4e08fa epId=40eb09b7 stats_id=Sophie-5qr local_ufrag=70bpc1jd3b0g1r ufrag=70bpc1jd3b0g1r] ConnectivityCheckClient.processSuccessResponse#727: IsControlling: true USE-CANDIDATE:false.
JVB 2025-12-22 10:31:56.022 INFO: [761] [confId=24a52db1e2df1838 conf_name=codenames-d8ggb3@muc.meet.jitsi meeting_id=cb4e08fa epId=40eb09b7 stats_id=Sophie-5qr local_ufrag=70bpc1jd3b0g1r ufrag=70bpc1jd3b0g1r] ConnectivityCheckClient.processSuccessResponse#649: Pair succeeded: 173.69.57.223:10000/udp/srflx -> 173.69.57.223:60581/udp/prflx (stream-40eb09b7.RTP).
JVB 2025-12-22 10:31:56.022 INFO: [761] [confId=24a52db1e2df1838 conf_name=codenames-d8ggb3@muc.meet.jitsi meeting_id=cb4e08fa epId=40eb09b7 stats_id=Sophie-5qr local_ufrag=70bpc1jd3b0g1r ufrag=70bpc1jd3b0g1r] ConnectivityCheckClient.processSuccessResponse#658: Pair validated: 173.69.57.223:10000/udp/srflx -> 173.69.57.223:60581/udp/prflx (stream-40eb09b7.RTP).
JVB 2025-12-22 10:31:56.023 INFO: [761] [confId=24a52db1e2df1838 conf_name=codenames-d8ggb3@muc.meet.jitsi meeting_id=cb4e08fa epId=40eb09b7 stats_id=Sophie-5qr local_ufrag=70bpc1jd3b0g1r ufrag=70bpc1jd3b0g1r] ConnectivityCheckClient.processSuccessResponse#727: IsControlling: true USE-CANDIDATE:true.
JVB 2025-12-22 10:31:56.023 INFO: [761] [confId=24a52db1e2df1838 conf_name=codenames-d8ggb3@muc.meet.jitsi meeting_id=cb4e08fa epId=40eb09b7 stats_id=Sophie-5qr local_ufrag=70bpc1jd3b0g1r ufrag=70bpc1jd3b0g1r] ConnectivityCheckClient.processSuccessResponse#742: Nomination confirmed for pair: 173.69.57.223:10000/udp/srflx -> 173.69.57.223:60581/udp/prflx (stream-40eb09b7.RTP).
JVB 2025-12-22 10:31:56.023 INFO: [761] [confId=24a52db1e2df1838 conf_name=codenames-d8ggb3@muc.meet.jitsi meeting_id=cb4e08fa epId=40eb09b7 stats_id=Sophie-5qr local_ufrag=70bpc1jd3b0g1r ufrag=70bpc1jd3b0g1r name=stream-40eb09b7] CheckList.handleNominationConfirmed#406: Selected pair for stream stream-40eb09b7.RTP: 173.69.57.223:10000/udp/srflx -> 173.69.57.223:60581/udp/prflx (stream-40eb09b7.RTP)
JVB 2025-12-22 10:31:56.023 INFO: [761] [confId=24a52db1e2df1838 conf_name=codenames-d8ggb3@muc.meet.jitsi meeting_id=cb4e08fa epId=40eb09b7 stats_id=Sophie-5qr local_ufrag=70bpc1jd3b0g1r ufrag=70bpc1jd3b0g1r] Agent.checkListStatesUpdated#1891: CheckList of stream stream-40eb09b7 is COMPLETED
JVB 2025-12-22 10:31:56.023 INFO: [761] [confId=24a52db1e2df1838 conf_name=codenames-d8ggb3@muc.meet.jitsi meeting_id=cb4e08fa epId=40eb09b7 stats_id=Sophie-5qr local_ufrag=70bpc1jd3b0g1r ufrag=70bpc1jd3b0g1r] Agent.setState#936: ICE state changed from Running to Completed.
JVB 2025-12-22 10:31:56.024 INFO: [761] [confId=24a52db1e2df1838 conf_name=codenames-d8ggb3@muc.meet.jitsi meeting_id=cb4e08fa epId=40eb09b7 stats_id=Sophie-5qr local_ufrag=70bpc1jd3b0g1r] IceTransport.iceStateChanged#345: ICE state changed old=Running new=Completed
JVB 2025-12-22 10:31:56.024 INFO: [761] [confId=24a52db1e2df1838 conf_name=codenames-d8ggb3@muc.meet.jitsi meeting_id=cb4e08fa epId=40eb09b7 stats_id=Sophie-5qr] Endpoint$setupIceTransport$2.connected#372: ICE connected
JVB 2025-12-22 10:31:56.024 INFO: [763] [confId=24a52db1e2df1838 conf_name=codenames-d8ggb3@muc.meet.jitsi meeting_id=cb4e08fa epId=40eb09b7 stats_id=Sophie-5qr] DtlsTransport.startDtlsHandshake#108: Starting DTLS handshake, role=org.jitsi.nlj.dtls.DtlsServer@65e9d00
JVB 2025-12-22 10:31:56.024 INFO: [761] [confId=24a52db1e2df1838 conf_name=codenames-d8ggb3@muc.meet.jitsi meeting_id=cb4e08fa epId=40eb09b7 stats_id=Sophie-5qr local_ufrag=70bpc1jd3b0g1r ufrag=70bpc1jd3b0g1r] Agent.logCandTypes#1999: Harvester used for selected pair for stream-40eb09b7.RTP: srflx
JVB 2025-12-22 10:31:56.040 INFO: [763] [confId=24a52db1e2df1838 conf_name=codenames-d8ggb3@muc.meet.jitsi meeting_id=cb4e08fa epId=40eb09b7 stats_id=Sophie-5qr] TlsServerImpl.notifyHandshakeComplete#179: Negotiated DTLS version DTLS 1.2
JVB 2025-12-22 10:31:56.040 INFO: [763] [confId=24a52db1e2df1838 conf_name=codenames-d8ggb3@muc.meet.jitsi meeting_id=cb4e08fa epId=40eb09b7 stats_id=Sophie-5qr] Endpoint$setupDtlsTransport$3.handshakeComplete#418: DTLS handshake complete
JVB 2025-12-22 10:31:58.264 INFO: [755] [confId=24a52db1e2df1838 conf_name=codenames-d8ggb3@muc.meet.jitsi meeting_id=cb4e08fa epId=6d6284cc stats_id=Romaine-zVi local_ufrag=7f3td1jd3b0g18 ufrag=7f3td1jd3b0g18] Agent.setState#936: ICE state changed from Completed to Terminated.
JVB 2025-12-22 10:31:58.265 INFO: [755] [confId=24a52db1e2df1838 conf_name=codenames-d8ggb3@muc.meet.jitsi meeting_id=cb4e08fa epId=6d6284cc stats_id=Romaine-zVi local_ufrag=7f3td1jd3b0g18] IceTransport.iceStateChanged#345: ICE state changed old=Completed new=Terminated
JVB 2025-12-22 10:31:59.025 INFO: [755] [confId=24a52db1e2df1838 conf_name=codenames-d8ggb3@muc.meet.jitsi meeting_id=cb4e08fa epId=40eb09b7 stats_id=Sophie-5qr local_ufrag=70bpc1jd3b0g1r ufrag=70bpc1jd3b0g1r] Agent.setState#936: ICE state changed from Completed to Terminated.
JVB 2025-12-22 10:31:59.025 INFO: [755] [confId=24a52db1e2df1838 conf_name=codenames-d8ggb3@muc.meet.jitsi meeting_id=cb4e08fa epId=40eb09b7 stats_id=Sophie-5qr local_ufrag=70bpc1jd3b0g1r] IceTransport.iceStateChanged#345: ICE state changed old=Completed new=Terminated
JVB 2025-12-22 10:32:25.287 SEVERE: [21] [confId=24a52db1e2df1838 conf_name=codenames-d8ggb3@muc.meet.jitsi meeting_id=cb4e08fa epId=6d6284cc stats_id=Romaine-zVi] Endpoint.scheduleEndpointMessageTransportTimeout$lambda$27#672: EndpointMessageTransport still not connected.
JVB 2025-12-22 10:32:26.041 SEVERE: [21] [confId=24a52db1e2df1838 conf_name=codenames-d8ggb3@muc.meet.jitsi meeting_id=cb4e08fa epId=40eb09b7 stats_id=Sophie-5qr] Endpoint.scheduleEndpointMessageTransportTimeout$lambda$27#672: EndpointMessageTransport still not connected.
[cont-finish.d] executing container finish scripts...
[cont-finish.d] done.
[s6-finish] waiting for services.
[s6-finish] sending all processes the TERM signal.
[s6-finish] sending all processes the KILL signal and exiting.
[s6-init] making user provided files available at /var/run/s6/etc...exited 0.
[s6-init] ensuring user provided files have correct perms...exited 0.
[fix-attrs.d] applying ownership & permissions fixes...
[fix-attrs.d] done.
[cont-init.d] executing container initialization scripts...
[cont-init.d] 01-set-timezone: executing...
[cont-init.d] 01-set-timezone: exited 0.
[cont-init.d] 10-config: executing...
No AUTOSCALER_URL defined, leaving autoscaler sidecar disabled
[cont-init.d] 10-config: exited 0.
[cont-init.d] done.
[services.d] starting services
[services.d] done.
JVB 2025-12-22 11:20:59.929 INFO: [1] JitsiConfig.<clinit>#47: Initialized newConfig: merge of /config/jvb.conf: 1,application.conf @ jar:file:/usr/share/jitsi-videobridge/jitsi-videobridge.jar!/application.conf: 1,system properties,reference.conf @ jar:file:/usr/share/jitsi-videobridge/jitsi-videobridge.jar!/reference.conf: 1,reference.conf @ jar:file:/usr/share/jitsi-videobridge/lib/jitsi-media-transform-2.3-74-ga015be96.jar!/reference.conf: 1,reference.conf @ jar:file:/usr/share/jitsi-videobridge/lib/ice4j-3.0-68-gd289f12.jar!/reference.conf: 1
JVB 2025-12-22 11:20:59.955 INFO: [1] ReadOnlyConfigurationService.reloadConfiguration#51: loading config file at path /config/sip-communicator.properties
JVB 2025-12-22 11:20:59.956 INFO: [1] ReadOnlyConfigurationService.reloadConfiguration#56: Error loading config file: java.io.FileNotFoundException: /config/sip-communicator.properties (No such file or directory)
JVB 2025-12-22 11:20:59.958 INFO: [1] JitsiConfig.<clinit>#68: Initialized legacyConfig: sip communicator props (no description provided)
JVB 2025-12-22 11:20:59.966 INFO: [1] JitsiConfig$Companion.reloadNewConfig#94: Reloading the Typesafe config source (previously reloaded 0 times).
JVB 2025-12-22 11:20:59.997 INFO: [1] MainKt.main#75: Starting jitsi-videobridge version 2.3.74-ga015be96
JVB 2025-12-22 11:21:00.465 INFO: [12] org.ice4j.ice.harvest.MappingCandidateHarvesters.initialize: Adding a static mapping: StaticMapping(localAddress=172.26.0.4, publicAddress=173.69.57.223, localPort=null, publicPort=null, name=ip-0)
JVB 2025-12-22 11:21:00.474 INFO: [12] org.ice4j.ice.harvest.MappingCandidateHarvesters.initialize: Using AwsCandidateHarvester.
JVB 2025-12-22 11:21:00.484 INFO: [1] org.ice4j.ice.harvest.AbstractUdpListener.<init>: Initialized AbstractUdpListener with address 172.26.0.4:10000/udp. Receive buffer size 212992 (asked for 10485760)
JVB 2025-12-22 11:21:00.490 INFO: [1] org.ice4j.ice.harvest.SinglePortUdpHarvester.<init>: Initialized SinglePortUdpHarvester with address 172.26.0.4:10000/udp
JVB 2025-12-22 11:21:00.640 INFO: [12] org.ice4j.ice.harvest.MappingCandidateHarvesters.createStunHarvesters: Using 129.158.239.105:443/udp for StunMappingCandidateHarvester (localAddress=172.26.0.4:0/udp).
JVB 2025-12-22 11:21:00.850 INFO: [14] org.ice4j.ice.harvest.StunMappingCandidateHarvester.discover: Discovered public address 173.69.57.223:37503/udp from STUN server 129.158.239.105:443/udp using local address org.ice4j.socket.IceUdpSocketWrapper@3390b056
JVB 2025-12-22 11:21:01.039 INFO: [20] [hostname=prosody id=shard0] MucClient.initializeConnectAndJoin#288: Initializing a new MucClient for [ org.jitsi.xmpp.mucclient.MucClientConfiguration id=shard0 domain=auth.meet.jitsi hostname=prosody port=5222 username=jvb mucs=[jvbbrewery@internal-muc.meet.jitsi] mucNickname=e0dacfdda056 disableCertificateVerification=true]
JVB 2025-12-22 11:21:01.071 INFO: [1] TaskPools.<clinit>#87: TaskPools detected 4 processors, creating the CPU pool with that many threads
JVB 2025-12-22 11:21:01.075 WARNING: [20] MucClient.createXMPPTCPConnectionConfiguration#117: Disabling certificate verification!
JVB 2025-12-22 11:21:01.087 INFO: [1] HealthChecker.start#122: Started with interval=60000, timeout=PT1M30S, maxDuration=PT3S, stickyFailures=false.
JVB 2025-12-22 11:21:01.142 INFO: [1] UlimitCheck.printUlimits#109: Running with open files limit 1048576 (hard 1048576), thread limit unlimited (hard unlimited).
JVB 2025-12-22 11:21:01.149 INFO: [1] VideobridgeExpireThread.start#88: Starting with 60 second interval.
JVB 2025-12-22 11:21:01.201 INFO: [1] MainKt.main#116: Starting public http server
JVB 2025-12-22 11:21:01.212 INFO: [20] [hostname=prosody id=shard0] MucClient.initializeConnectAndJoin#350: Dispatching a thread to connect and login.
JVB 2025-12-22 11:21:01.243 WARNING: [1] ColibriWebSocketService.<init>#51: Websockets enabled, but no domains specified: URLs=[wss://localhost:8443/colibri-ws/172.26.0.4], Relay URLs=[]
JVB 2025-12-22 11:21:01.371 INFO: [12] org.ice4j.ice.harvest.MappingCandidateHarvesters.maybeAdd: Discarding a mapping harvester: org.ice4j.ice.harvest.AwsCandidateHarvester@57ee020f
JVB 2025-12-22 11:21:01.382 INFO: [12] org.ice4j.ice.harvest.MappingCandidateHarvesters.maybeAdd: Discarding a mapping harvester with duplicate addresses: org.ice4j.ice.harvest.StunMappingCandidateHarvester@1139b54c. Kept: org.ice4j.ice.harvest.StaticMappingCandidateHarvester(face=172.26.0.4:9/udp, mask=173.69.57.223:9/udp)
JVB 2025-12-22 11:21:01.383 INFO: [12] org.ice4j.ice.harvest.MappingCandidateHarvesters.initialize: Using org.ice4j.ice.harvest.StaticMappingCandidateHarvester(face=172.26.0.4:9/udp, mask=173.69.57.223:9/udp)
JVB 2025-12-22 11:21:01.390 INFO: [1] ColibriWebSocketService.registerServlet#84: Registering servlet with baseUrls = [wss://localhost:8443/colibri-ws/172.26.0.4], relayBaseUrls = []
JVB 2025-12-22 11:21:01.397 INFO: [12] org.ice4j.ice.harvest.MappingCandidateHarvesters.initialize: Initialized mapping harvesters (delay=1372ms). stunDiscoveryFailed=false
JVB 2025-12-22 11:21:01.439 INFO: [1] org.eclipse.jetty.server.Server.doStart: jetty-11.0.14; built: 2023-02-22T23:41:48.575Z; git: 4601fe8dd805ce75b69c64466c115a162586641b; jvm 11.0.22+7-post-Debian-1deb11u1
JVB 2025-12-22 11:21:01.471 INFO: [20] [hostname=prosody id=shard0] MucClient$2.connected#321: Connected.
JVB 2025-12-22 11:21:01.471 INFO: [20] [hostname=prosody id=shard0] MucClient.lambda$getConnectAndLoginCallable$9#646: Logging in.
JVB 2025-12-22 11:21:01.557 INFO: [20] [hostname=prosody id=shard0] MucClient$2.authenticated#327: Authenticated, b=false
JVB 2025-12-22 11:21:01.587 INFO: [1] org.eclipse.jetty.server.handler.ContextHandler.doStart: Started o.e.j.s.ServletContextHandler@76b224cd{/,null,AVAILABLE}
JVB 2025-12-22 11:21:01.592 INFO: [20] [hostname=prosody id=shard0] MucClient$MucWrapper.join#771: Joined MUC: jvbbrewery@internal-muc.meet.jitsi
JVB 2025-12-22 11:21:01.607 INFO: [1] org.eclipse.jetty.server.AbstractConnector.doStart: Started ServerConnector@68105edc{HTTP/1.1, (http/1.1)}{0.0.0.0:9090}
JVB 2025-12-22 11:21:01.625 INFO: [1] org.eclipse.jetty.server.Server.doStart: Started Server@601cbd8c{STARTING}[11.0.14,sto=0] @2231ms
JVB 2025-12-22 11:21:01.625 INFO: [1] MainKt.main#134: Starting private http server
JVB 2025-12-22 11:21:01.686 INFO: [1] org.eclipse.jetty.server.Server.doStart: jetty-11.0.14; built: 2023-02-22T23:41:48.575Z; git: 4601fe8dd805ce75b69c64466c115a162586641b; jvm 11.0.22+7-post-Debian-1deb11u1
JVB 2025-12-22 11:21:02.049 WARNING: [1] org.glassfish.jersey.server.wadl.WadlFeature.configure: JAXBContext implementation could not be found. WADL feature is disabled.
JVB 2025-12-22 11:21:02.190 WARNING: [1] org.glassfish.jersey.internal.inject.Providers.checkProviderRuntime: A provider org.jitsi.rest.Health registered in SERVER runtime does not implement any provider interfaces applicable in the SERVER runtime. Due to constraint configuration problems the provider org.jitsi.rest.Health will be ignored.
JVB 2025-12-22 11:21:02.191 WARNING: [1] org.glassfish.jersey.internal.inject.Providers.checkProviderRuntime: A provider org.jitsi.rest.Version registered in SERVER runtime does not implement any provider interfaces applicable in the SERVER runtime. Due to constraint configuration problems the provider org.jitsi.rest.Version will be ignored.
JVB 2025-12-22 11:21:02.192 WARNING: [1] org.glassfish.jersey.internal.inject.Providers.checkProviderRuntime: A provider org.jitsi.rest.prometheus.Prometheus registered in SERVER runtime does not implement any provider interfaces applicable in the SERVER runtime. Due to constraint configuration problems the provider org.jitsi.rest.prometheus.Prometheus will be ignored.
JVB 2025-12-22 11:21:02.500 INFO: [1] org.eclipse.jetty.server.handler.ContextHandler.doStart: Started o.e.j.s.ServletContextHandler@1f95881a{/,null,AVAILABLE}
JVB 2025-12-22 11:21:02.501 INFO: [1] org.eclipse.jetty.server.AbstractConnector.doStart: Started ServerConnector@723ed581{HTTP/1.1, (http/1.1)}{0.0.0.0:8080}
JVB 2025-12-22 11:21:02.502 INFO: [1] org.eclipse.jetty.server.Server.doStart: Started Server@2715644a{STARTING}[11.0.14,sto=0] @3108ms

jayepolo@jayepolo-EQ:~/jitsi$ docker exec jitsi-jvb netstat -tlnp | grep 8080

jayepolo@jayepolo-EQ:~/jitsi$ docker exec jitsi-jvb ss -tlnp | grep 8080
LISTEN 0 50 *:8080 *:*

jayepolo@jayepolo-EQ:~/jitsi$ curl http://localhost:8080/
<html>
<head>
<meta http-equiv="Content-Type" content="text/html;charset=ISO-8859-1"/>
<title>Error 404 Not Found</title>
</head>
<body><h2>HTTP ERROR 404 Not Found</h2>
<table>
<tr><th>URI:</th><td>/</td></tr>
<tr><th>STATUS:</th><td>404</td></tr>
<tr><th>MESSAGE:</th><td>Not Found</td></tr>
<tr><th>SERVLET:</th><td>org.glassfish.jersey.servlet.ServletContainer-1a35993f</td></tr>
</table>

</body>
</html>

jayepolo@jayepolo-EQ:~/jitsi$ curl http://localhost:8080/stats
<html>
<head>
<meta http-equiv="Content-Type" content="text/html;charset=ISO-8859-1"/>
<title>Error 404 Not Found</title>
</head>
<body><h2>HTTP ERROR 404 Not Found</h2>
<table>
<tr><th>URI:</th><td>/stats</td></tr>
<tr><th>STATUS:</th><td>404</td></tr>
<tr><th>MESSAGE:</th><td>Not Found</td></tr>
<tr><th>SERVLET:</th><td>org.glassfish.jersey.servlet.ServletContainer-1a35993f</td></tr>
</table>

</body>
</html>

jayepolo@jayepolo-EQ:~/jitsi$ curl http://localhost:8080/colibri/stats
<html>
<head>
<meta http-equiv="Content-Type" content="text/html;charset=ISO-8859-1"/>
<title>Error 404 Not Found</title>
</head>
<body><h2>HTTP ERROR 404 Not Found</h2>
<table>
<tr><th>URI:</th><td>/colibri/stats</td></tr>
<tr><th>STATUS:</th><td>404</td></tr>
<tr><th>MESSAGE:</th><td>Not Found</td></tr>
<tr><th>SERVLET:</th><td>org.glassfish.jersey.servlet.ServletContainer-1a35993f</td></tr>
</table>

</body>
</html>

jayepolo@jayepolo-EQ:~/jitsi$ curl http://localhost:8080/about/stats
<html>
<head>
<meta http-equiv="Content-Type" content="text/html;charset=ISO-8859-1"/>
<title>Error 404 Not Found</title>
</head>
<body><h2>HTTP ERROR 404 Not Found</h2>
<table>
<tr><th>URI:</th><td>/about/stats</td></tr>
<tr><th>STATUS:</th><td>404</td></tr>
<tr><th>MESSAGE:</th><td>Not Found</td></tr>
<tr><th>SERVLET:</th><td>org.glassfish.jersey.servlet.ServletContainer-1a35993f</td></tr>
</table>

</body>
</html>

jayepolo@jayepolo-EQ:~/jitsi$ curl http://localhost:8080/debug
{"shutdownState":"RUNNING","drain":false,"time":1766420731589,"load-management":{"state":"NOT_OVERLOADED","stress":"0.0","reducer_enabled":"false"},"overall_bridge_jitter":0.0,"conferences":{},"health":{"success":true,"message":null,"hardFailure":true,"responseCode":null}}

jayepolo@jayepolo-EQ:~/jitsi$ curl http://localhost:8080/version
<html>
<head>
<meta http-equiv="Content-Type" content="text/html;charset=ISO-8859-1"/>
<title>Error 404 Not Found</title>
</head>
<body><h2>HTTP ERROR 404 Not Found</h2>
<table>
<tr><th>URI:</th><td>/version</td></tr>
<tr><th>STATUS:</th><td>404</td></tr>
<tr><th>MESSAGE:</th><td>Not Found</td></tr>
<tr><th>SERVLET:</th><td>org.glassfish.jersey.servlet.ServletContainer-1a35993f</td></tr>
</table>

</body>
</html>

jayepolo@jayepolo-EQ:~/jitsi$ docker exec jitsi-jvb curl http://localhost:8080/colibri/stats
  % Total % Received % Xferd Average Speed Time Time Time Current
                                 Dload Upload Total Spent Left Speed
100 423 100 423 0 0 60428 0 --:--:-- --:--:-- --:--:-- 60428
<html>
<head>
<meta http-equiv="Content-Type" content="text/html;charset=ISO-8859-1"/>
<title>Error 404 Not Found</title>
</head>
<body><h2>HTTP ERROR 404 Not Found</h2>
<table>
<tr><th>URI:</th><td>/colibri/stats</td></tr>
<tr><th>STATUS:</th><td>404</td></tr>
<tr><th>MESSAGE:</th><td>Not Found</td></tr>
<tr><th>SERVLET:</th><td>org.glassfish.jersey.servlet.ServletContainer-1a35993f</td></tr>
</table>

</body>
</html>

jayepolo@jayepolo-EQ:~/jitsi$ docker exec jitsi-jvb curl http://localhost:8080/stats
  % Total % Received % Xferd Average Speed Time Time Time Current
                                 Dload Upload Total Spent Left Speed
100 415 100 415 0 0 135k 0 --:--:-- --:--:-- --:--:-- 135k
<html>
<head>
<meta http-equiv="Content-Type" content="text/html;charset=ISO-8859-1"/>
<title>Error 404 Not Found</title>
</head>
<body><h2>HTTP ERROR 404 Not Found</h2>
<table>
<tr><th>URI:</th><td>/stats</td></tr>
<tr><th>STATUS:</th><td>404</td></tr>
<tr><th>MESSAGE:</th><td>Not Found</td></tr>
<tr><th>SERVLET:</th><td>org.glassfish.jersey.servlet.ServletContainer-1a35993f</td></tr>
</table>

</body>
</html>

jayepolo@jayepolo-EQ:~/jitsi$ docker exec jitsi-jvb env | grep JVB_ENABLE_APIS
JVB_ENABLE_APIS=rest,colibri
